I'm sorry, but errors were detected in your script. Please correct the
errors listed below, and try again.


File "game/script.rpy", line 216: expected statement.
    l_solve=True
           ^

File "game/script.rpy", line 219: expected statement.
    l_solve=False
           ^

File "game/script.rpy", line 222: expected statement.
    l_solve=False
           ^

File "game/script.rpy", line 226: expected statement.
    l_solve=False
           ^

Ren'Py Version: Ren'Py 8.0.2.22081402
Wed Sep 28 17:53:53 2022
